../Core/Src/main.c:63:6:setTimer0	16	static
../Core/Src/main.c:67:6:timer_run	4	static
../Core/Src/main.c:79:6:updateClockBuffer	4	static
../Core/Src/main.c:85:6:update7SEG	16	static
../Core/Src/main.c:118:5:main	8	static
../Core/Src/main.c:181:6:SystemClock_Config	72	static
../Core/Src/main.c:214:13:MX_TIM2_Init	32	static
../Core/Src/main.c:256:13:MX_GPIO_Init	32	static
../Core/Src/main.c:297:6:HAL_TIM_PeriodElapsedCallback	16	static
../Core/Src/main.c:326:6:Error_Handler	4	static,ignoring_inline_asm
