../Core/Src/main.c:63:6:updateClockBuffer	4	static
../Core/Src/main.c:69:6:off_col	8	static
../Core/Src/main.c:79:6:off_row	8	static
../Core/Src/main.c:92:6:updateLEDMatrix	16	static
../Core/Src/main.c:172:6:update7SEG	16	static
../Core/Src/main.c:205:5:main	16	static
../Core/Src/main.c:349:6:SystemClock_Config	72	static
../Core/Src/main.c:382:13:MX_TIM2_Init	32	static
../Core/Src/main.c:424:13:MX_GPIO_Init	32	static
../Core/Src/main.c:472:6:HAL_TIM_PeriodElapsedCallback	16	static
../Core/Src/main.c:483:6:Error_Handler	4	static,ignoring_inline_asm
